// Jest Snapshot v1, https://goo.gl/fbAQLP

exports[`ShowOrHide it renders without failing 1`] = `
<Icon
  as="i"
  id="mykey"
  key="mykey"
  name="toggle down"
  onClick={[Function]}
/>
`;
