// Jest Snapshot v1, https://goo.gl/fbAQLP

exports[`displays correctly 1`] = `
<Fragment>
  <div
    className="red error"
  >
    You need to log in,
  </div>
</Fragment>
`;
