// Jest Snapshot v1, https://goo.gl/fbAQLP

exports[`UserDetailChange displays correctly 1`] = `
<div
  className="red error"
>
  You need to log in,
</div>
`;

exports[`UserDetailChange displays correctly with a user 1`] = `
<div
  className="red error"
>
  You need to log in,
</div>
`;
